==================================
Pipeline started at: Wed May 27 11:47:36 AM IST 2026
==================================
==================================
Pipeline started at: Wed May 27 11:51:29 AM IST 2026
==================================
==================================
Pipeline started at: Wed May 27 11:53:05 AM IST 2026
==================================
Pipeline ended at: Wed May 27 11:54:28 AM IST 2026
Total walltime (seconds): 83
Total walltime (hh:mm:ss): 00:01:23
==================================
==================================
Pipeline started at: Wed May 27 11:59:51 AM IST 2026
==================================
Pipeline ended at: Wed May 27 12:00:24 PM IST 2026
Total walltime (seconds): 33
Total walltime (hh:mm:ss): 00:00:33
==================================
==================================
Pipeline started at: Wed May 27 12:03:47 PM IST 2026
==================================
Pipeline ended at: Wed May 27 12:04:16 PM IST 2026
Total walltime (seconds): 29
Total walltime (hh:mm:ss): 00:00:29
==================================
==================================
Pipeline started at: Wed May 27 12:08:04 PM IST 2026
==================================
==================================
Pipeline started at: Wed May 27 12:08:30 PM IST 2026
==================================
Pipeline ended at: Wed May 27 12:09:09 PM IST 2026
Total walltime (seconds): 39
Total walltime (hh:mm:ss): 00:00:39
==================================
==================================
Pipeline started at: Wed May 27 12:14:52 PM IST 2026
==================================
Pipeline ended at: Wed May 27 12:16:13 PM IST 2026
Total walltime (seconds): 81
Total walltime (hh:mm:ss): 00:01:21
==================================
==================================
Pipeline started at: Wed May 27 12:40:54 PM IST 2026
==================================
Pipeline ended at: Wed May 27 12:41:06 PM IST 2026
Total walltime (seconds): -1779865854
Total walltime (hh:mm:ss): -494407:-10:-54
==================================
==================================
Pipeline started at: Wed May 27 12:42:54 PM IST 2026
==================================
Pipeline ended at: Wed May 27 12:43:25 PM IST 2026
Total walltime (seconds): 31
Total walltime (hh:mm:ss): 00:00:31
==================================
==================================
Pipeline started at: Wed May 27 12:44:11 PM IST 2026
==================================
Pipeline ended at: Wed May 27 12:45:30 PM IST 2026
Total walltime (seconds): 79
Total walltime (hh:mm:ss): 00:01:19
==================================
==================================
Pipeline started at: Wed May 27 12:48:11 PM IST 2026
==================================
Pipeline ended at: Wed May 27 12:49:38 PM IST 2026
Total walltime (seconds): 87
Total walltime (hh:mm:ss): 00:01:27
==================================
