Updated filename to 1
base_dir /home/iit-t/Gitika/Github-Repositories/Abraham_Mega/Reanalysis_Git/Mega_PartII_Kepler/Mega_PartII/Test/Data
... initialization complete.
Running full excute pipeline
If testing pipeline set: --fresh_run = 1
Running pipeline afresh
a.min(),a.max() 0.2291 0.6914
b.min(),b.max() 0.0628 0.4418
rprs.min(),rprs.max() 0.008919 0.415349
loc_cut_rprs =0.0833, high_cut_rprs = 0.1
pairs.shape (5711, 4)
rprs_grid (5711,) 5711
Number of LDC & Rp/Rs points is 5711
radius ratio (Rs/Rp) [12. 11. 10. ... 10. 11. 10.] 10.0 12.0
False
pairs[0:3,:] [[ 0.2291      0.46396823  0.08689708 12.        ]
 [ 0.23282823  0.46157115  0.09194762 11.        ]
 [ 0.23655645  0.45917407  0.09608485 10.        ]]
LDC giving negative intesnity (array([], dtype=int64),)
Generating 10 random closed Bezier shapes of size 38x38...
  0%|          | 0/10 [00:00<?, ?it/s]100%|██████████| 10/10 [00:00<00:00, 946.11it/s]

--- Output Summary (Filled Shapes) ---
Successfully generated and rasterized 10 FILLED shapes.
Saved NumPy array 'randomshapes.npy' with shape: (10, 38, 38)
This array now contains the binary masks of the SOLID Bezier shapes.

----------------------------------
Generated Bezier shapes
Detected 10 masks in /home/iit-t/Gitika/Github-Repositories/Abraham_Mega/Reanalysis_Git/Mega_PartII_Kepler/Mega_PartII/Test/Data/OM_Demo/1.npy
Generating parameter sets for 10 masks x 1 sims...
Starting batched simulation...
  0%|          | 0/10 [00:00<?, ?it/s]/home/iit-t/anaconda3/envs/genenv_gitika/lib/python3.10/site-packages/EightBitTransit/cGridFunctions.py:168: RuntimeWarning: invalid value encountered in scalar power
  amR = (1. - am)**0.25
/home/iit-t/anaconda3/envs/genenv_gitika/lib/python3.10/site-packages/EightBitTransit/cGridFunctions.py:169: RuntimeWarning: invalid value encountered in scalar power
  bmR = (1. - bm)**0.25
/home/iit-t/anaconda3/envs/genenv_gitika/lib/python3.10/site-packages/EightBitTransit/cGridFunctions.py:168: RuntimeWarning: invalid value encountered in scalar power
  amR = (1. - am)**0.25
/home/iit-t/anaconda3/envs/genenv_gitika/lib/python3.10/site-packages/EightBitTransit/cGridFunctions.py:169: RuntimeWarning: invalid value encountered in scalar power
  bmR = (1. - bm)**0.25
/home/iit-t/anaconda3/envs/genenv_gitika/lib/python3.10/site-packages/EightBitTransit/cGridFunctions.py:168: RuntimeWarning: invalid value encountered in scalar power
  amR = (1. - am)**0.25
/home/iit-t/anaconda3/envs/genenv_gitika/lib/python3.10/site-packages/EightBitTransit/cGridFunctions.py:169: RuntimeWarning: invalid value encountered in scalar power
  bmR = (1. - bm)**0.25
/home/iit-t/anaconda3/envs/genenv_gitika/lib/python3.10/site-packages/EightBitTransit/cGridFunctions.py:168: RuntimeWarning: invalid value encountered in scalar power
  amR = (1. - am)**0.25
/home/iit-t/anaconda3/envs/genenv_gitika/lib/python3.10/site-packages/EightBitTransit/cGridFunctions.py:169: RuntimeWarning: invalid value encountered in scalar power
  bmR = (1. - bm)**0.25
 10%|█         | 1/10 [00:09<01:29,  9.93s/it] 20%|██        | 2/10 [00:10<00:36,  4.56s/it] 50%|█████     | 5/10 [00:18<00:15,  3.14s/it] 60%|██████    | 6/10 [00:19<00:10,  2.54s/it] 70%|███████   | 7/10 [00:19<00:06,  2.03s/it] 80%|████████  | 8/10 [00:20<00:03,  1.53s/it] 90%|█████████ | 9/10 [00:26<00:02,  2.99s/it]100%|██████████| 10/10 [00:27<00:00,  2.34s/it]100%|██████████| 10/10 [00:27<00:00,  2.75s/it]
⏱️ Time taken: 27.56 seconds
⏱️ Time taken: 27.56 seconds
Interpolating final results...
✅ Saved LCs and Meta.
processed_lightcurves[0,0:10] [1.         1.         0.99995244 0.9996186  0.9989349  0.9981537
 0.9973187  0.99644756 0.99558944 0.9947635 ]
Generated light curves
  0%|          | 0/1 [00:00<?, ?it/s]100%|██████████| 1/1 [00:00<00:00, 80.25it/s]
Added noise
Number of *_binned.npz files found is 10
Using 4 CPU cores
Total time (minutes): 0.0012441237767537435
Found 10 files
Final shape: (10, 120)
Saved to 1LC_hscaled.npy
Selected transit region
ver scaled
Processed tensor shape: torch.Size([10, 120])
Final processed light curves generated
Split dataset into train and val
Saved train samples: 8
Saved vald samples:  2
