Updated filename to 2
base_dir /home/iit-t/Gitika/Github-Repositories/Abraham_Mega/Reanalysis_Git/Mega_PartII_Kepler/Mega_PartII/Test/Data
... initialization complete.
Running full excute pipeline
If testing pipeline set: --fresh_run = 1
Running pipeline afresh
a.min(),a.max() 0.2291 0.6914
b.min(),b.max() 0.0628 0.4418
rprs.min(),rprs.max() 0.008919 0.415349
loc_cut_rprs =0.3333, high_cut_rprs = 0.5
pairs.shape (5711, 4)
rprs_grid (5711,) 5711
Number of LDC & Rp/Rs points is 5711
radius ratio (Rs/Rp) [2. 2. 2. ... 2. 3. 2.] 2.0 3.0
False
pairs[0:3,:] [[0.2291     0.43344766 0.43594768 2.        ]
 [0.23282823 0.43105058 0.42902352 2.        ]
 [0.23655645 0.4286535  0.41990791 2.        ]]
LDC giving negative intesnity (array([], dtype=int64),)
Generating 10 random closed Bezier shapes of size 38x38...
  0%|          | 0/10 [00:00<?, ?it/s]100%|██████████| 10/10 [00:00<00:00, 690.61it/s]

--- Output Summary (Filled Shapes) ---
Successfully generated and rasterized 10 FILLED shapes.
Saved NumPy array 'randomshapes.npy' with shape: (10, 38, 38)
This array now contains the binary masks of the SOLID Bezier shapes.

----------------------------------
Generated Bezier shapes
Detected 10 masks in /home/iit-t/Gitika/Github-Repositories/Abraham_Mega/Reanalysis_Git/Mega_PartII_Kepler/Mega_PartII/Test/Data/OM_Demo/2.npy
Generating parameter sets for 10 masks x 1 sims...
Starting batched simulation...
  0%|          | 0/10 [00:00<?, ?it/s]/home/iit-t/anaconda3/envs/genenv_gitika/lib/python3.10/site-packages/EightBitTransit/cGridFunctions.py:168: RuntimeWarning: invalid value encountered in scalar power
  amR = (1. - am)**0.25
/home/iit-t/anaconda3/envs/genenv_gitika/lib/python3.10/site-packages/EightBitTransit/cGridFunctions.py:169: RuntimeWarning: invalid value encountered in scalar power
  bmR = (1. - bm)**0.25
/home/iit-t/anaconda3/envs/genenv_gitika/lib/python3.10/site-packages/EightBitTransit/cGridFunctions.py:168: RuntimeWarning: invalid value encountered in scalar power
  amR = (1. - am)**0.25
/home/iit-t/anaconda3/envs/genenv_gitika/lib/python3.10/site-packages/EightBitTransit/cGridFunctions.py:169: RuntimeWarning: invalid value encountered in scalar power
  bmR = (1. - bm)**0.25
/home/iit-t/anaconda3/envs/genenv_gitika/lib/python3.10/site-packages/EightBitTransit/cGridFunctions.py:168: RuntimeWarning: invalid value encountered in scalar power
  amR = (1. - am)**0.25
/home/iit-t/anaconda3/envs/genenv_gitika/lib/python3.10/site-packages/EightBitTransit/cGridFunctions.py:169: RuntimeWarning: invalid value encountered in scalar power
  bmR = (1. - bm)**0.25
/home/iit-t/anaconda3/envs/genenv_gitika/lib/python3.10/site-packages/EightBitTransit/cGridFunctions.py:168: RuntimeWarning: invalid value encountered in scalar power
  amR = (1. - am)**0.25
/home/iit-t/anaconda3/envs/genenv_gitika/lib/python3.10/site-packages/EightBitTransit/cGridFunctions.py:169: RuntimeWarning: invalid value encountered in scalar power
  bmR = (1. - bm)**0.25
 10%|█         | 1/10 [00:07<01:07,  7.45s/it] 50%|█████     | 5/10 [00:09<00:07,  1.55s/it] 60%|██████    | 6/10 [00:10<00:05,  1.44s/it] 70%|███████   | 7/10 [00:11<00:03,  1.32s/it] 90%|█████████ | 9/10 [00:13<00:01,  1.25s/it]100%|██████████| 10/10 [00:13<00:00,  1.38s/it]
⏱️ Time taken: 13.96 seconds
⏱️ Time taken: 13.96 seconds
Interpolating final results...
✅ Saved LCs and Meta.
processed_lightcurves[0,0:10] [1.         1.         1.         1.         1.         1.
 0.9999996  0.9998915  0.9991896  0.99788547]
Generated light curves
  0%|          | 0/1 [00:00<?, ?it/s]100%|██████████| 1/1 [00:00<00:00,  1.36it/s]100%|██████████| 1/1 [00:00<00:00,  1.36it/s]
Added noise
Number of *_binned.npz files found is 30
Using 4 CPU cores
Total time (minutes): 0.0033179362614949542
Found 10 files
Final shape: (10, 120)
Saved to 2LC_hscaled.npy
Selected transit region
ver scaled
Processed tensor shape: torch.Size([10, 120])
Final processed light curves generated
Split dataset into train and val
Saved train samples: 8
Saved vald samples:  2
