Updated filename to 1
base_dir /home/iit-t/Gitika/Github-Repositories/Abraham_Mega/Reanalysis_Git/Mega_PartII_Kepler/Mega_PartII/Test/Data
... initialization complete.
Preprocessing
If testing pipeline set: --fresh_run = 1
Running pipeline afresh
a.min(),a.max() 0.2291 0.6914
b.min(),b.max() 0.0628 0.4418
rprs.min(),rprs.max() 0.008919 0.415349
loc_cut_rprs =0.2, high_cut_rprs = 0.5
pairs.shape (5711, 4)
rprs_grid (5711,) 5711
Number of LDC & Rp/Rs points is 5711
radius ratio (Rs/Rp) [2. 2. 2. ... 3. 2. 2.] 2.0 3.0
False
pairs[0:3,:] [[0.2291     0.43686114 0.41598758 2.        ]
 [0.23282823 0.43446406 0.41712223 2.        ]
 [0.23655645 0.43206698 0.41381802 2.        ]]
LDC giving negative intesnity (array([], dtype=int64),)
Generating 10000 random closed Bezier shapes of size 38x38...
  0%|          | 0/10000 [00:00<?, ?it/s]  1%|          | 67/10000 [00:00<00:14, 666.01it/s]  1%|▏         | 136/10000 [00:00<00:14, 677.63it/s]  2%|▏         | 205/10000 [00:00<00:14, 682.40it/s]  3%|▎         | 274/10000 [00:00<00:14, 684.33it/s]  3%|▎         | 344/10000 [00:00<00:14, 689.03it/s]  4%|▍         | 417/10000 [00:00<00:13, 699.77it/s]  5%|▍         | 487/10000 [00:00<00:13, 699.84it/s]  6%|▌         | 557/10000 [00:00<00:13, 686.03it/s]  6%|▋         | 626/10000 [00:00<00:14, 637.43it/s]  7%|▋         | 696/10000 [00:01<00:14, 654.29it/s]  8%|▊         | 765/10000 [00:01<00:13, 664.44it/s]  8%|▊         | 835/10000 [00:01<00:13, 674.27it/s]  9%|▉         | 905/10000 [00:01<00:13, 681.23it/s]  9%|▉         | 933/10000 [00:01<00:13, 677.63it/s]
Traceback (most recent call last):
  File "/home/iit-t/Gitika/Github-Repositories/Abraham_Mega/Reanalysis_Git/Mega_PartII_Kepler/Mega_PartII/clean_codes_v2/run_train_pipeline.py", line 75, in <module>
    obj.execute()
  File "/home/iit-t/Gitika/Github-Repositories/Abraham_Mega/Reanalysis_Git/Mega_PartII_Kepler/Mega_PartII/clean_codes_v2/class_modules.py", line 143, in execute
    self.gen_shapes()
  File "/home/iit-t/Gitika/Github-Repositories/Abraham_Mega/Reanalysis_Git/Mega_PartII_Kepler/Mega_PartII/clean_codes_v2/class_modules.py", line 100, in gen_shapes
    shape_utils.main(Num=self.Num,N=self.N,shape_dir=self.shape_dir,maps_path=self.maps_path) 
  File "/home/iit-t/Gitika/Github-Repositories/Abraham_Mega/Reanalysis_Git/Mega_PartII_Kepler/Mega_PartII/clean_codes_v2/shape_utils.py", line 220, in main
    shapes_data_masks = generate_n_random_bezier_shapes(Num, SHAPE_SIZE)
  File "/home/iit-t/Gitika/Github-Repositories/Abraham_Mega/Reanalysis_Git/Mega_PartII_Kepler/Mega_PartII/clean_codes_v2/shape_utils.py", line 175, in generate_n_random_bezier_shapes
    segments_control_points, _ = generate_random_closed_bezier_shape(shape_size)
  File "/home/iit-t/Gitika/Github-Repositories/Abraham_Mega/Reanalysis_Git/Mega_PartII_Kepler/Mega_PartII/clean_codes_v2/shape_utils.py", line 100, in generate_random_closed_bezier_shape
    P1 = np.clip(P1, 0, shape_size - 1)
  File "/home/iit-t/anaconda3/envs/genenv_gitika/lib/python3.10/site-packages/numpy/core/fromnumeric.py", line 2100, in clip
    @array_function_dispatch(_clip_dispatcher)
KeyboardInterrupt
