Updated filename to 3
base_dir /mnt/home/project/cshukla.gitika/Mega_PartII/Mega_Runs_Pegasus/Data
... initialization complete.
Running full excute pipeline
If testing pipeline set: --fresh_run = 1
Running pipeline
 fresh_run = False: Num arg on command line ignored in case shape and light 
curve files pre-exist. 
GShapes files exist, generating light curves
Detected 5 masks in /mnt/home/project/cshukla.gitika/Mega_PartII/Mega_Runs_Pegasus/Data/OM_testing/3.npy
Generating parameter sets for 5 masks x 1 sims...
Starting batched simulation...
  0%|          | 0/5 [00:00<?, ?it/s]/mnt/home/project/cshukla.gitika/anaconda3/envs/genenv_gitika/lib/python3.10/site-packages/EightBitTransit/cGridFunctions.py:168: RuntimeWarning: invalid value encountered in scalar power
  amR = (1. - am)**0.25
/mnt/home/project/cshukla.gitika/anaconda3/envs/genenv_gitika/lib/python3.10/site-packages/EightBitTransit/cGridFunctions.py:169: RuntimeWarning: invalid value encountered in scalar power
  bmR = (1. - bm)**0.25
/mnt/home/project/cshukla.gitika/anaconda3/envs/genenv_gitika/lib/python3.10/site-packages/EightBitTransit/cGridFunctions.py:168: RuntimeWarning: invalid value encountered in scalar power
  amR = (1. - am)**0.25
/mnt/home/project/cshukla.gitika/anaconda3/envs/genenv_gitika/lib/python3.10/site-packages/EightBitTransit/cGridFunctions.py:169: RuntimeWarning: invalid value encountered in scalar power
  bmR = (1. - bm)**0.25
/mnt/home/project/cshukla.gitika/anaconda3/envs/genenv_gitika/lib/python3.10/site-packages/EightBitTransit/cGridFunctions.py:168: RuntimeWarning: invalid value encountered in scalar power
  amR = (1. - am)**0.25
/mnt/home/project/cshukla.gitika/anaconda3/envs/genenv_gitika/lib/python3.10/site-packages/EightBitTransit/cGridFunctions.py:169: RuntimeWarning: invalid value encountered in scalar power
  bmR = (1. - bm)**0.25
/mnt/home/project/cshukla.gitika/anaconda3/envs/genenv_gitika/lib/python3.10/site-packages/EightBitTransit/cGridFunctions.py:168: RuntimeWarning: invalid value encountered in scalar power
  amR = (1. - am)**0.25
/mnt/home/project/cshukla.gitika/anaconda3/envs/genenv_gitika/lib/python3.10/site-packages/EightBitTransit/cGridFunctions.py:169: RuntimeWarning: invalid value encountered in scalar power
  bmR = (1. - bm)**0.25
/mnt/home/project/cshukla.gitika/anaconda3/envs/genenv_gitika/lib/python3.10/site-packages/EightBitTransit/cGridFunctions.py:168: RuntimeWarning: invalid value encountered in scalar power
  amR = (1. - am)**0.25
/mnt/home/project/cshukla.gitika/anaconda3/envs/genenv_gitika/lib/python3.10/site-packages/EightBitTransit/cGridFunctions.py:169: RuntimeWarning: invalid value encountered in scalar power
  bmR = (1. - bm)**0.25
 20%|██        | 1/5 [00:05<00:22,  5.72s/it]100%|██████████| 5/5 [00:05<00:00,  1.15s/it]
⏱️ Time taken: 5.99 seconds
⏱️ Time taken: 5.99 seconds
Interpolating final results...
✅ Saved LCs and Meta.
processed_lightcurves[0,0:10] [1.        1.        1.        1.        1.        1.        1.
 1.        0.9999656 0.9996383]
Adding noise to light curves
  0%|          | 0/1 [00:00<?, ?it/s]100%|██████████| 1/1 [00:00<00:00, 53.40it/s]
Select Transit region
Number of *_binned.npz files found is 5
Using 32 CPU cores
Total time (minutes): 0.003266886870066325
Found 5 files
Final shape: (5, 120)
Saved to 3LC_hscaled.npy
Preprocess light curves
ver scaled
Processed tensor shape: torch.Size([5, 120])
Split dataset into train and val
Saved train samples: 4
Saved vald samples:  1
